14:57:55 **** Build of configuration Debug for project dp_live ****
make all 
'Building file: ../src/platform.c'
'Invoking: ARM v8 gcc compiler'
aarch64-none-elf-gcc -Wall -O0 -g3 -c -fmessage-length=0 -MT"src/platform.o" -IC:/Users/shen/Documents/dp_live/vitis/mpsoc_preset_wrapper/export/mpsoc_preset_wrapper/sw/mpsoc_preset_wrapper/standalone_psu_cortexa53_0/bspinclude/include -MMD -MP -MF"src/platform.d" -MT"src/platform.o" -o "src/platform.o" "../src/platform.c"
'Finished building: ../src/platform.c'
' '
'Building file: ../src/xdpdma_video_example.c'
'Invoking: ARM v8 gcc compiler'
aarch64-none-elf-gcc -Wall -O0 -g3 -c -fmessage-length=0 -MT"src/xdpdma_video_example.o" -IC:/Users/shen/Documents/dp_live/vitis/mpsoc_preset_wrapper/export/mpsoc_preset_wrapper/sw/mpsoc_preset_wrapper/standalone_psu_cortexa53_0/bspinclude/include -MMD -MP -MF"src/xdpdma_video_example.d" -MT"src/xdpdma_video_example.o" -o "src/xdpdma_video_example.o" "../src/xdpdma_video_example.c"
'Finished building: ../src/xdpdma_video_example.c'
' '
'Building file: ../src/xdppsu_interrupt.c'
'Invoking: ARM v8 gcc compiler'
aarch64-none-elf-gcc -Wall -O0 -g3 -c -fmessage-length=0 -MT"src/xdppsu_interrupt.o" -IC:/Users/shen/Documents/dp_live/vitis/mpsoc_preset_wrapper/export/mpsoc_preset_wrapper/sw/mpsoc_preset_wrapper/standalone_psu_cortexa53_0/bspinclude/include -MMD -MP -MF"src/xdppsu_interrupt.d" -MT"src/xdppsu_interrupt.o" -o "src/xdppsu_interrupt.o" "../src/xdppsu_interrupt.c"
'Finished building: ../src/xdppsu_interrupt.c'
' '
'Building target: dp_live.elf'
'Invoking: ARM v8 gcc linker'
aarch64-none-elf-gcc -Wl,-T -Wl,../src/lscript.ld -LC:/Users/shen/Documents/dp_live/vitis/mpsoc_preset_wrapper/export/mpsoc_preset_wrapper/sw/mpsoc_preset_wrapper/standalone_psu_cortexa53_0/bsplib/lib -o "dp_live.elf"  ./src/platform.o ./src/xdpdma_video_example.o ./src/xdppsu_interrupt.o   -Wl,--start-group,-lxil,-lgcc,-lc,--end-group
'Finished building target: dp_live.elf'
' '
'Invoking: ARM v8 Print Size'
aarch64-none-elf-size dp_live.elf  |tee "dp_live.elf.size"
   text	   data	    bss	    dec	    hex	filename
  99932	   5376	8323100	8428408	 809b78	dp_live.elf
'Finished building: dp_live.elf.size'
' '

14:57:57 Build Finished (took 2s.364ms)

